256
256
......###########.................##########...............#############.....######################..................##########...............#......................................#########.............#######...###########.............######.#...........
.......###########...............##########..............#..#########.........####################...................##########.............###.....................................##########...........########...###########.............########............
........##########..............#.#######..............####.#######...........#####################...................#########...........######...................................############.........########...###########.............##########...........
.........##########............###.#####.............######..####..............############..######...................##########........########.................................########.######.......#######...###########................#########...........
.........###########.........##########............#########.##................##########...########..................##########......###########...............................#######...#######.....#######...###########..................#########..........
..........###########....##.#########............###########....................#######...##########...................##########...#############.............................########.....#######.....#####.....########....................##########.........
...........###########..#############.............###########...................#####......##########..................##########....#############...........................#######........#######.....#####.....########....................##########........
............##########..############..............#########...........##.........##........##########..................##########....#############.........................########.........########....######....#######......................##########.......
#............##########..#########.................######...........####....................##########..................##########.################.......................########...........########....######....####.........................########........
##............#####################................####...........#######...................##########..................#########################........................#######............#########.....######....#............................######.........
##............######################................#...........#########....................##########.................#######################........................##########.........############.....######................................#####..........
###............#####################..........................############...................##########.................#####################.........................############.......##############....######.......................#.........###...........
####............#####################.......................##############....................##########.................##################............................###########......################....######.....................###.........#............
####.............#####################....................#################...................##########........##.......################...............................###########...###################....######...................#####.....................
#####...........############.##########.................##################.....................##########.....####.....################.................................############.###################......######.................######.....................
######........#############...#########..................###############.......................##########..########.....#############....................................##############################........######...............########....................
######.....#.############.....##########.................#############......#...................###################.....###########.......................................###########################...........######............###########...................
#######...############.........##########.................##########......####..................####################.....########..........................................#########################............#######..........#############..................
########..###########...........#########.................########......######...................#..################.....######................................#............#######################..............#####..........#############...................
########..#########..............#########.................#######.......######.....................#################.....###.................................###............####################.................###........#.#############....................
#########.##########..............#########................########......######...................###################.....#.................................######...........###################...................#.......################.....................
#####################.............##########................#######.......######................###################........................................#######............#################...........................###############.......................
.#####################.............#########................########......######..............###################.........................................#########............##############..............................#############........................
.#####################..............#########................#######.......######...........###################..........................................###########............############..............................#############.........................
..#####################..............#######.................########......######.........###################..........................................##############............##########..............................#############..........................
.#############.#########.............######...................#######.......######........####################........................................###############.............#######...............................#############...........................
#############..##########.............###.....................########......####...........#################.........................................#################............######.................................###########............................
#########.#.....#########..............#.............#.........#######.......#.............##############..........................................####################............####...................................#########.............................
########.........#########..........................###........########..........##.........########.##...........................................######################............#......................................######...............................
######............#########.......................######........#######.......#####.........######...............................................########################..................................................#####................................
#####.............##########.....................#######........########....########.........###................................................#########################...................................................###.................................
#####..............##########...................#########........#######...#########.........#................................................############################...................................................#..................................
######..............#########....................#########.......####################........................................................##############################.....................................................................................
#######.............##########....................#######.........###################.......................................................################################....................................................................................
#######..............##########...................######..........####################.......................................................###############################....................................................................................
########..............########.............#.......###.............#################..........................................................###############################...................................................................................
.########..............#####..............###.......#..............###############............................................................################################..................................................................................
.#########.............####.............#####...............#.......############.........................................#.....................##############################...................................................................................
..########..............#..............#######............####.......#########.........................................####.....................############################....................................................................................
...########...........................#########..........#####.......#######..........................................#####......................#########################......................................................................................
....########........................############..........#####......#####...................................#.......#######.....................########################.......................................................................................
....#########......................#############...........####.......####.................................####....##########.....................######################........................................................................................
.....#########......................#############...........####.........................................######..############......................####################.........................................................................................
......########.......................#############...........#.........................................#######################......................#################...........................................................................................
......#########......................############....................................................#########################.......................###############...................................................................#........................
.......#########......................#########....................................................############################......................##############...................................................................###.......................
........#######........................#######...................................................###############################......................###########...............................................................#...#####.......................
.........#####..........................#####..................................................################..#####..########.......................#########...............................................................###.#######......................
.........###............................###..................................................################....####...#########.......................#######..............................................................#############......................
..........#..............................#.................................................################.......#......#########......................######..............................................................###############.....................
.........................................................................................################.................########.......................###...............................................................###############......................
.......................................................................................################...................#########.......................#...............................................................###############.......................
.....................................................................................################......................########......................................................................................##############.........................
...................................................................................################.........................########...................................................................................###############..........................
.................................................................................################...........................#########.................................................................................#################.........................
...............................................................................################..............................########................................................................................#################..........................
#............................................................................################................................#########..............................................................................#################...........................
..............................................................................#############...................................#########...........................................................................#################.............................
..............................................................................###########......................................########..........................................................................#################..............................
...............................................................................########........................................#########........................................................................#################...............................
...............................................................................######...........................................########.........................................................................##############..............#..................
................................................................................###..............................................########........................................................................#############..............###.................
................................................................................#................................................#########........................................................................#############...........#####.................
..................................................................................................................................########.........................................................................#############.........#######................
...................................................................##..............................................................########........................................................................#############..........#######...............
#...............................................................#####..............................................................#########........................................................................#############.........#######...............
#............................................................#########..............................................................########.........................................................................#############.........#######..............
##.........................................................###########...............................................................########.........................................................................#############.........#######.............
##......................................................##############...............................................................########.........................................................................##############.........#######............
.....................................................##################...............................................................########.........................................................................##############........#######............
..................................................#####################...............................................................#########.........................................................................#############.........#######...........
...............................................#########################...............................................................########..........................................................................#############.........#####............
.............................................###########################................................................................########.........................................................................##############........###..............
..........................##..............############################...........................#............................#.........#########.........................................................................##############........#...............
.......................#####...........############################............................####.........................####.........########..................................................#.......................##############.......................
....................#########........########################.##.............................######........................#####..........########................................................###.......................##############......................
..................###########........####################..................................#########........................#####.........########..............................................#####........................#############......................
...............##############.........###############.....................................##########.........................#####.........########............................................#######.......................##############.....................
............##################........###########..........................................##########........................####.........##########..........................................#########.......................##############....................
.........#####################........##########...........................................##########.........................#..........###########........................................############.......................##############...................
......######################..........##########............................................##########.................................##############......................................#############........................##############..................
...######################..............#######...............................................##########...............................##############....................................#.###############.......................###############.................
.#####################.................####..................................................##########................................###########.....................................###.###############.......................##############.................
####################...................##.....................................................##########...............................#########......................................#####.#############.........................##############................
#################..............................................................................#########...............................#######.........................................####.############...........................##############.........#.....
##############.................................................................................##########.............................######............................................####.############..........................#############.........###....
###########.....................................................................................########............................######..............................................#####.############..........................###########........######...
########.........................................................................................#####.............................########........................................#.....#####.###########...........................#########........#######...
#####............................................................................................####.............................##########......................................###.....#####.###########...........................######.........#########..
###...............................................................................................#..............................##########......................................#####.....#####.###########..........................#####.........###########.
................................................................................................................................##########........................................#####.....#################..........................###........##############
..............................................................................................................................###########..........................................#####....####..###########...........................#........###############
.............................................................................................................................##########............................................####......#.....###########..................................################
............................................................................................................................##########..............................................###.............###########................................#################
...............................................................................#...#.......................................##########................................................#..............############.............................###################
..............................................................................##.####.....................................##########.................................................................###########............................####################
............................................................................##########..................................###########................................................................##############..........................#####################
.......................................#...................................############................................###########..................................................................##############..........................####################
......................................####............#...................#############...............................##########.....................................................................############......................#.....###################
.......................#.............######..........###.................###############.............................##########...................................#..................................###########......................###....###################
.....................####...........########.......######...............#################..........................###########...............................#...###..................................#########......................####.....##################
....................#####..........########.......#######.............####################........................###########...............................##.######..................................######......................#######.....#################
..................########........########.......#########...........####################........................###########..............................############..................................####......................#######.......################
#................##########........#######........#########.........####################........................###########..............................##############.................................###......................#######.........###############
##................#########.........#####..........#########.......####################........................##########.................................############...................................#......................######...........###############
###...............##########.........###...........##########.....####################.......................###########...................................##########.........................................................#######.............##############
####...............##########.........#.............#########...##################.##.......................###########...................................#########....................#....................#................#######........#......#############
#####...............#########........................#########.##################..#.......................###########..............................#...##########....................###..................###..............#######........###......############
######..............##########......................############################............................#########..............................###.##########...................######................#####............#######........#####......###########
#######..............##########....................###########################..#............................#######.............................###############...................#######..............########.........#######........#######......###########
########..............#########...................###########################..###...........................#####..............................###############...................#########............#########........#######........#########......##########
#########.............##########.................###########################.######...........................###................................############......................#########..........###########......#######........###########......#########
########...............########.................####################################...........................#..................................##########........................#########........#############...########........###########........########
#######.................#####...........#......#####################################.............................................................##########.........................##########........#############.#######.........###########..........#######
#######.................####...........###......#####################################......................................................#...###########...........................#########.........###################..#.....############...........#######
######...................#............#####.....###########.###########.##############....................................................###.###########.............................#########........##################..###...###########..............######
#...#.....#..........................#######.....#########...########....##############.................................................###############................................#########........################..#####.###########................#####
.........###........................#########.....#########...######.....#############.................................................###############...................#..............#######..........##############.##################.........#........####
........#####........................#######......##########...####.......###########...................................................#############..................####.............######............######..###..##################........####........###
.......#######.......................######.........########....#..........#########....................................................############..................######.............###..............#######..#..##################........######.......###
#.....#########.......................####...........########.............########.....................................................############....................######.............#................#######...#################........########........##
##.....#########......................###.............########..........#########.....................................................###########.......................######..............................#######...###############........##########........#
###.....#########......................#...............########........#########.....................................................###########.........................#####...............................#######...###########.#..........##########........
#####....#######........................................#######...#...#########.......................................................#########........................########...............................######....########..............###########.......
######....#####...........................#.............########.##.##########.........................................................#######........................##########...............................######...######.....#...........#########........
#######....###...........................###.............####################..........................................................######..........................##########...............................######...####....####...........#######.........
########....#.............#.............#####.............#################.............................................................###.............................##########..............................#######...#.....######...........####...........
.########...............####..........########.............###############...............................................................#...............................########......................#.........#######.......#######.......#...###............
.#########.............######........##########.............#############.................................................................................................######......................###.........#######....##########.....###...#.............
..#########.............######......###########............###############.........................................................................#.......................###......................######.........#######..############..######................
...#######...............####......#############............#############.........................................................................###.....................###......................#######..........#######..##########..#######................
....#####................###......###############............##########.........................................................................######.....................#......................#########..........######...########..#########...............
.....###..................#......#################............########.........................................................................#######...........................................###########..........######...#####...###########..............
......#.........#..............####################............######.........................................................................#########.........................................#############..........######...###...###########...............
...............###............####################..............###.............................................#..............................#########......................................##############...........#######...#..############................
..............#####..........####################................#............................................####..............................#########....................................##############.............#######....############.................
.............#######........####################.............................................................#####..............................##########..................................#############................#######..############..................
.....#......#########........#################..........#...................................................#######..............................#########.................................#############..................#######..#########....................
....###....###########........###############..........###................................................##########..............................#########...............................#############....................#######..#######...................#.
...#####..###########..........#############..........####...............................................###########...............................#########............................#############.......................######...#####...................###
..#######..#########............###########............####.............................................#############...............................#########..........................#############.........................######...###..................#####
.##################.............##########..............####..........................................##############............#...................#########.........................#############...............#...........######...#..................######
##################...............########...............###..........................................#############.............###...................#########.......................############................###..........#######....................#######
.################.................#####..................#............................................###########.............#####...................#########.....................############...............######..........#######.................#########
..############.#.........#.........###................................................................##########.............#######...................#########..................#############...............########..........#####.................##########
...##########...........###.........#..................................................................#######..............########...................##########................############................##########..........###.................###########
....##########........######............................................................................#####..............##########...................#########...............############................############..........#................#############
.....###########.....########............................#..............................................####................##########...................#########.............############...............#############...........................############.#
......###########...##########.........................###...............................................#...................##########...................#########...........############...............#############...........................############...
........##########...##########......................######...................................................................##########...................#######..........############................############...........................#############....
.........########...############....................#######...................................................................###########..................######..........############................############...........................############......
..........######...##############....................#######...................................................................##########...................###...........############...............#############.........#...................##########.......
...........#####....##############...................######.....................................................................##########...................#.............#########................#############........####...................########........
............###.....#############.....................###........................................................................##########.................................#######................#############........######...................######.........
.............#....#############.......................#...........................................................................##########................................######...............#############........########...................#######........
#...............################...................................................................................................##########................................###................#############........##########...................####..........
##............###################..................................................................................................###########................................#................#############..........##########...................#............
###............###################..................................................................................................##########................................................#############............##########...............................
####............###################..................................................................................................##########.............................................##############..............##########..............................
#####............###################..................................................................................................##########...........................................#############................###########.............................
######............###################..................................................................................................##########.........................................#############..................##########.............................
######.............###################..................................................................................................########.........................................#############....................##########............................
#######.............###################.................................................................................................#######........................................##############......................##########...........................
########.............###################.................................................................................................#####........................................##############........................##########..........................
#########.............#################............................................#......................................................###........................................#############..........................###########.........................
##########.............###############............................................###......................................................#..........................................###########............................###########........................
###########.............#############...........................................######..............#..................................................................................#########..............................##########........................
############..............##########...........................................#######.............###..................................................................................#######................................##########.......................
#############..............########...........................................#########..........######.................................................................................######.................................###########......................
###.##########...............#####...........................................###########........#######..................................................................................###....................................###########.....................
###..##########...............#.#...........................................###########........#########..................................................................................#......................................##########.....................
##....##########..........................................................############..........#########.........................................................................................................................##########....................
#......##########........................................................###########.............#########.........................................................................................................................########.....................
........########........................................................###########..............##########.........................................................................................................................######......................
........#######........................................................###########................#########..................................#.......................................................................................###........................
.......#######.......................................................############..................#########................................###.......................................................................................#.........................
.....########.......................................................############....................#########............................#######................................................................................................................
....########.......................................................###########.......................#########..........................#########.........................................#.....................................................................
...########.......................................................###########........................##########........................###########.......................................###....................................................................
############.....................................................###########..........................#########.........................###########.....................................#####...................................................................
#############..................................................############............................#########......................############....................................#######...................................................................
############..................................................###########...............................#########....................############....................................#########..............................................####................
##########...................................................###########.................................#########..................############....................................###########.............................................####................
#########.....................................................#########..................................##########.............#.############.......................................###########............................................####................
#######........................................................#######....................................#########............##############.........................................##########......................................#......###................
.#####.........................................................######......................................#########..........##############..........................................###########....................................###........................
.####..................................................#........###.........................................#########..........############............................................###########.................................#####........................
..#...................................................###........#...........................................#########........############..............................................###########...............................#######.......................
.......................................................###...................................................#########......############.................................................##########..............................#########......................
.......................................................####...................................................#########....############....................#.............................###########............................##########......................
......................................................######...................................................#######....############....................###.............................###########.........................#############.....................
....................................................#######.....................................................#####......##########...................######.............................###########.......................#############......................
...................................................#########....................................................###.........########...................#######...........#..................##########......................#############.......................
.................................................###########.....................................................#...........#####....................#########.........###.................###########....................############.........................
................................................#############.................................................................###....................###########......######.................###########.................#############...................#......
.................................................##.#######....................................................................#...................############......########.................###########...............#############...................###.....
.................................................###########......................................................................................############......#########..................##########..............#############..................#####....#
..................................................#########......................................................................................###########.........#########.................###########...........#############...................#######.###
....................................................###.#.......................................................................................###########...........#########.................###########.........#############...................############
....................................#...............#.........................................................................................##############...........#########.................#########.........#############...................#############
...................................###.......................................................................................................##############............##########.................#######.........#############..................##########.####
.................................#####..................#...................................................................................############.#..............##########................#####.........#############...................##########...###
................................#######...............###..................................................................................###########...................#########.................###.........#############...................#########.....###
...............................#########...............###...............................................................................############.....................#########.................#.........#############..................##########.......##
..............................###########...............#...........................#......................#............................############.......................#########.........................############...................##########.........#
............................##############........................................####....................###..........................###########..........................#########......................#############...................#########............
...........................###############.......................................######..................#####..........................###########.........................##########....................#############.....................#######.............
..........................#################....................................#######....................#####..........................#########...........................##########..................#############.......................#####..............
........................###########.########.................................#######.......................###...........................######.#.............................#########...................##########.........................###................
.......................###########...########...............................#######.........................#.............................###.................#................#########..................#########...........................#.................
......................##########......#######................................#####.........................................................#.................###................#########..................#######..............................................
....................###########........#######...............................###............................................................................#####................#########..................#####...............................................
...................###########..........#######...............................#............................................................................#######...............########...................###.................................................
..................###########...........########..........................................................................................................########................######.....................#................................#.................
................###########..............########........................................................................................................##########................###.........................................#............####................
...............###########................#######.........................................................................................................##########................#.........................................###..........#####................
..............###########.................########...........................................................................................#.............##########........................................................#####..........######..............
...............########....................########...............................................#.........................................###............###########........................#.............................######..........#######.............
...............#######......................#######.............................................####......................................######............###########......................###...........................########..........#######............
.............#######...........#............########...........................................#####.....................................#######.............###########...................#####.........................###########...........####...#.........
............#######..........###.............#######.........................................########...................................#########.............##########.................########.......................###########............###...###........
.............#######........#####............########.......................................##########...................................#########.............##########...............##########.....................##########...............#..######.......
.............#######........####..............########.....................................############...................................#########............###########.............###########....................##########..................#######.......
..............#######........##................########..................................##############...................................##########............###########............############..................############................#########......
..............########.......#.....#...........########.................................################...................................#########.............#########............############....................############................#########.....
...............######............####...........########..............................###################...................................#########.............#######............############......................#########...................#########....
................###.............#####............######........................#.....####################....................................#########............#####............############.........................#########..................##########...
.................#...............#####............###.........................###.....####################....................................#########............###..........#.############...........................#########..................##########..
..............................#..####..............#..........................#........####################...................................##########............#..........##############............................#########...................#########..
.............................###..#.....................................................####################...................................#########......................##############..............................#########........#..........#########.
............................####........................................................####################....................................#########.....................#############................................#########..#...###..........#########
...........................######..#.....................................................####################....................................#########...................############...................................###########.######..........########
..........................###########.........................#...........................##################......................................#########.................############..................#..................#################..........########
.........................#############......................####..........................#################.......................................##########..............#############..................###..................#################..........#######
.......................################....................#####...........................##############...........................#..............#########.............#############.................#####..................##################..........######
......................##################.................########...........................############...........................###..............#########..........#############..................#######..................################............#####
#......................########.########................##########..........................###########..........................#####.......#.......#########.......##############..................#########..................##############..............####
##......................#####....########................##########..........................########...........................#######....####.......#######........#############.................############..................###########................####
##......................####.....#########................#########...........................#####..............................#######..######......######........#############.................#############...................#########..................###
###......................#........########................##########..........................####...............................######....#####.......###.........#############.................###############...................#######....................##
##.................................########................##########..........................#...........#...................#######......#####.......#.........############..................#################..................######......................#
##..................................########................##########...................................####.................#########......#####...............############.................###########.######....................###.........................
#....................................########...............##########..................................#####..................########..#...######...............##########.................##########....###.......................#..........................
.....................................########................##########................................#######..................###########...####.................########.................##########......#...................................................
......................................########.................#########.............................########....................###########...#.................#..######................###########..............#............................................
..........#............................########.................#########...........................########.....................###########................#...###..###.................##########...............###...........................................
.........###............................########.................########.........................##########......................###########..............##.#####...#.................##########..............######..........................................
........#####...........................########..................########.......................##########........................###########............##########.....................#######...............########.........................................
.......#######...........................########.................#########.....................##########..........................###########............##########.....................#####.................#######.........................................
......#########...........................########.................#########..................###########..........................###########............############....................####...................#######........................................
.....#########.............................#######..................########.................##########..........................##############..........############..............#.......#.....................########.......................................
....#########...............................#######..................########.................#######...........................###############.........############..............###.............................########......................................
....#########...............................#######..................#########................########.........................#################.........#########..............#####..............................########.....................................
...#########.................................#######..................#########................######.......#...#.............#########.##########........#######..............#######..............................#######.....................................
....#######...................................######...................########.................####.......##.####..........##########...##########.......######..............#########.............................########....................................
.....#######.................................########..................#########................###.......########.........##########.....#########........###..............##########..............................#########...................................
241
20
0
246
479.0